node.exe : (node:14476) Warning: Setting the NODE_TLS_REJECT_UNAUTHORIZED environment variable to '0' 
makes TLS connections and HTTPS requests insecure by disabling certificate verification.
In C:\Program Files\nodejs\npx.ps1:29 car:3
+   & $NODE_EXE $NPX_CLI_JS $args
+   ~~~~~~~~~~~~~~~~~~~~~~~~~~~~~
    + CategoryInfo          : NotSpecified: ((node:14476) Wa...e verification.:String) [], RemoteExcepti 
   on
    + FullyQualifiedErrorId : NativeCommandError
 
(Use `node --trace-warnings ...` to show where the warning was created)
­ƒÜÇ Starting Schema Verification Tests...

Test 1: Core Tables Existence
(node:19904) Warning: Setting the NODE_TLS_REJECT_UNAUTHORIZED environment variable to '0' makes TLS 
connections and HTTPS requests insecure by disabling certificate verification.
(Use `node --trace-warnings ...` to show where the warning was created)
  Ô£à Table 'users': OK
  Ô£à Table 'user_progress': OK
  Ô£à Table 'themes': OK
  Ô£à Table 'story_chapters': OK
  Ô£à Table 'events': OK
  Ô£à Table 'giveaways': OK

Test 2: RPC get_active_event()
  Ô£à get_active_event response: Active event found

Test 3: RPC get_leaderboard()
  Ô£à get_leaderboard OK. Entries: 1

Test 4: Giveaway System
  Ô£à Giveaways table access OK
  Ô£à calculate_user_tickets function exists

Test 5: Security Tables
  Ô£à audit_logs table access OK

Test 6: Event RPCs (Phase 2)
  Ô£à deactivate_expired_events OK. Deactivated: 0
  Ô£à get_event_leaderboard_v2 OK. Entries: 0

Test 7: Event-Giveaway Connection (Phase 3)
  Ô£à create_event_giveaway OK. Created Giveaway ID: 3e6f17cd-1a3a-45b0-a8ef-3df9f2fe5b6d, Entries: 1

-----------------------------------
TEST SUMMARY: 8 Passed, 0 Failed
­ƒÄë All schema verification tests passed!
